---
source: crates/bazbom/tests/refactor_integration.rs
expression: sarif
---
{
  "$schema": "https://json.schemastore.org/sarif-2.1.0.json",
  "runs": [
    {
      "results": [
        {
          "level": "note",
          "locations": [
            {
              "physicalLocation": {
                "artifactLocation": {
                  "uri": "serve-static@1.14.1"
                }
              }
            }
          ],
          "message": {
            "text": "Vulnerability GHSA-cm22-4g7w-348p found in serve-static. . [✓] Code is UNREACHABLE - vulnerability not exploitable"
          },
          "properties": {
            "component": "serve-static",
            "priority": "P3",
            "reachable": false,
            "version": "1.14.1",
            "vulnerability_id": "GHSA-cm22-4g7w-348p"
          },
          "ruleId": "GHSA-cm22-4g7w-348p"
        },
        {
          "level": "note",
          "locations": [
            {
              "physicalLocation": {
                "artifactLocation": {
                  "uri": "axios@0.21.1"
                }
              }
            }
          ],
          "message": {
            "text": "Vulnerability GHSA-4hjh-wcwx-xvwj found in axios. . [✓] Code is UNREACHABLE - vulnerability not exploitable"
          },
          "properties": {
            "component": "axios",
            "priority": "P3",
            "reachable": false,
            "version": "0.21.1",
            "vulnerability_id": "GHSA-4hjh-wcwx-xvwj"
          },
          "ruleId": "GHSA-4hjh-wcwx-xvwj"
        },
        {
          "level": "note",
          "locations": [
            {
              "physicalLocation": {
                "artifactLocation": {
                  "uri": "axios@0.21.1"
                }
              }
            }
          ],
          "message": {
            "text": "Vulnerability GHSA-cph5-m8f7-6c5x found in axios. . [✓] Code is UNREACHABLE - vulnerability not exploitable"
          },
          "properties": {
            "component": "axios",
            "priority": "P3",
            "reachable": false,
            "version": "0.21.1",
            "vulnerability_id": "GHSA-cph5-m8f7-6c5x"
          },
          "ruleId": "GHSA-cph5-m8f7-6c5x"
        },
        {
          "level": "note",
          "locations": [
            {
              "physicalLocation": {
                "artifactLocation": {
                  "uri": "axios@0.21.1"
                }
              }
            }
          ],
          "message": {
            "text": "Vulnerability GHSA-jr5f-v2jv-69x6 found in axios. . [✓] Code is UNREACHABLE - vulnerability not exploitable"
          },
          "properties": {
            "component": "axios",
            "priority": "P3",
            "reachable": false,
            "version": "0.21.1",
            "vulnerability_id": "GHSA-jr5f-v2jv-69x6"
          },
          "ruleId": "GHSA-jr5f-v2jv-69x6"
        },
        {
          "level": "note",
          "locations": [
            {
              "physicalLocation": {
                "artifactLocation": {
                  "uri": "axios@0.21.1"
                }
              }
            }
          ],
          "message": {
            "text": "Vulnerability GHSA-wf5p-g6vw-rhxx found in axios. . [✓] Code is UNREACHABLE - vulnerability not exploitable"
          },
          "properties": {
            "component": "axios",
            "priority": "P3",
            "reachable": false,
            "version": "0.21.1",
            "vulnerability_id": "GHSA-wf5p-g6vw-rhxx"
          },
          "ruleId": "GHSA-wf5p-g6vw-rhxx"
        },
        {
          "level": "note",
          "locations": [
            {
              "physicalLocation": {
                "artifactLocation": {
                  "uri": "body-parser@1.19.0"
                }
              }
            }
          ],
          "message": {
            "text": "Vulnerability GHSA-qwcr-r2fm-qrc7 found in body-parser. . [✓] Code is UNREACHABLE - vulnerability not exploitable"
          },
          "properties": {
            "component": "body-parser",
            "priority": "P3",
            "reachable": false,
            "version": "1.19.0",
            "vulnerability_id": "GHSA-qwcr-r2fm-qrc7"
          },
          "ruleId": "GHSA-qwcr-r2fm-qrc7"
        },
        {
          "level": "note",
          "locations": [
            {
              "physicalLocation": {
                "artifactLocation": {
                  "uri": "qs@6.7.0"
                }
              }
            }
          ],
          "message": {
            "text": "Vulnerability GHSA-hrpp-h998-j3pp found in qs. . [✓] Code is UNREACHABLE - vulnerability not exploitable"
          },
          "properties": {
            "component": "qs",
            "priority": "P3",
            "reachable": false,
            "version": "6.7.0",
            "vulnerability_id": "GHSA-hrpp-h998-j3pp"
          },
          "ruleId": "GHSA-hrpp-h998-j3pp"
        },
        {
          "level": "note",
          "locations": [
            {
              "physicalLocation": {
                "artifactLocation": {
                  "uri": "express@4.17.1"
                }
              }
            }
          ],
          "message": {
            "text": "Vulnerability GHSA-qw6h-vgh9-j6wx found in express. . [✓] Code is UNREACHABLE - vulnerability not exploitable"
          },
          "properties": {
            "component": "express",
            "priority": "P3",
            "reachable": false,
            "version": "4.17.1",
            "vulnerability_id": "GHSA-qw6h-vgh9-j6wx"
          },
          "ruleId": "GHSA-qw6h-vgh9-j6wx"
        },
        {
          "level": "note",
          "locations": [
            {
              "physicalLocation": {
                "artifactLocation": {
                  "uri": "express@4.17.1"
                }
              }
            }
          ],
          "message": {
            "text": "Vulnerability GHSA-rv95-896h-c2vc found in express. . [✓] Code is UNREACHABLE - vulnerability not exploitable"
          },
          "properties": {
            "component": "express",
            "priority": "P3",
            "reachable": false,
            "version": "4.17.1",
            "vulnerability_id": "GHSA-rv95-896h-c2vc"
          },
          "ruleId": "GHSA-rv95-896h-c2vc"
        },
        {
          "level": "note",
          "locations": [
            {
              "physicalLocation": {
                "artifactLocation": {
                  "uri": "lodash@4.17.15"
                }
              }
            }
          ],
          "message": {
            "text": "Vulnerability GHSA-29mw-wpgm-hmr9 found in lodash. . [✓] Code is UNREACHABLE - vulnerability not exploitable"
          },
          "properties": {
            "component": "lodash",
            "priority": "P3",
            "reachable": false,
            "version": "4.17.15",
            "vulnerability_id": "GHSA-29mw-wpgm-hmr9"
          },
          "ruleId": "GHSA-29mw-wpgm-hmr9"
        },
        {
          "level": "note",
          "locations": [
            {
              "physicalLocation": {
                "artifactLocation": {
                  "uri": "lodash@4.17.15"
                }
              }
            }
          ],
          "message": {
            "text": "Vulnerability GHSA-35jh-r3h4-6jhm found in lodash. . [✓] Code is UNREACHABLE - vulnerability not exploitable"
          },
          "properties": {
            "component": "lodash",
            "priority": "P3",
            "reachable": false,
            "version": "4.17.15",
            "vulnerability_id": "GHSA-35jh-r3h4-6jhm"
          },
          "ruleId": "GHSA-35jh-r3h4-6jhm"
        },
        {
          "level": "note",
          "locations": [
            {
              "physicalLocation": {
                "artifactLocation": {
                  "uri": "lodash@4.17.15"
                }
              }
            }
          ],
          "message": {
            "text": "Vulnerability GHSA-p6mc-m468-83gw found in lodash. . [✓] Code is UNREACHABLE - vulnerability not exploitable"
          },
          "properties": {
            "component": "lodash",
            "priority": "P3",
            "reachable": false,
            "version": "4.17.15",
            "vulnerability_id": "GHSA-p6mc-m468-83gw"
          },
          "ruleId": "GHSA-p6mc-m468-83gw"
        },
        {
          "level": "note",
          "locations": [
            {
              "physicalLocation": {
                "artifactLocation": {
                  "uri": "cookie@0.4.0"
                }
              }
            }
          ],
          "message": {
            "text": "Vulnerability GHSA-pxg6-pf52-xh8x found in cookie. . [✓] Code is UNREACHABLE - vulnerability not exploitable"
          },
          "properties": {
            "component": "cookie",
            "priority": "P3",
            "reachable": false,
            "version": "0.4.0",
            "vulnerability_id": "GHSA-pxg6-pf52-xh8x"
          },
          "ruleId": "GHSA-pxg6-pf52-xh8x"
        },
        {
          "level": "note",
          "locations": [
            {
              "physicalLocation": {
                "artifactLocation": {
                  "uri": "send@0.17.1"
                }
              }
            }
          ],
          "message": {
            "text": "Vulnerability GHSA-m6fv-jmcg-4jfg found in send. . [✓] Code is UNREACHABLE - vulnerability not exploitable"
          },
          "properties": {
            "component": "send",
            "priority": "P3",
            "reachable": false,
            "version": "0.17.1",
            "vulnerability_id": "GHSA-m6fv-jmcg-4jfg"
          },
          "ruleId": "GHSA-m6fv-jmcg-4jfg"
        },
        {
          "level": "note",
          "locations": [
            {
              "physicalLocation": {
                "artifactLocation": {
                  "uri": "path-to-regexp@0.1.7"
                }
              }
            }
          ],
          "message": {
            "text": "Vulnerability GHSA-9wv6-86v2-598j found in path-to-regexp. . [✓] Code is UNREACHABLE - vulnerability not exploitable"
          },
          "properties": {
            "component": "path-to-regexp",
            "priority": "P3",
            "reachable": false,
            "version": "0.1.7",
            "vulnerability_id": "GHSA-9wv6-86v2-598j"
          },
          "ruleId": "GHSA-9wv6-86v2-598j"
        },
        {
          "level": "note",
          "locations": [
            {
              "physicalLocation": {
                "artifactLocation": {
                  "uri": "path-to-regexp@0.1.7"
                }
              }
            }
          ],
          "message": {
            "text": "Vulnerability GHSA-rhx6-c78j-4q9w found in path-to-regexp. . [✓] Code is UNREACHABLE - vulnerability not exploitable"
          },
          "properties": {
            "component": "path-to-regexp",
            "priority": "P3",
            "reachable": false,
            "version": "0.1.7",
            "vulnerability_id": "GHSA-rhx6-c78j-4q9w"
          },
          "ruleId": "GHSA-rhx6-c78j-4q9w"
        }
      ],
      "tool": {
        "driver": {
          "name": "BazBOM-SCA",
          "rules": [
            {
              "defaultConfiguration": {
                "level": "warning"
              },
              "id": "GHSA-qwcr-r2fm-qrc7",
              "shortDescription": {
                "text": "Vulnerability GHSA-qwcr-r2fm-qrc7"
              }
            },
            {
              "defaultConfiguration": {
                "level": "warning"
              },
              "id": "GHSA-29mw-wpgm-hmr9",
              "shortDescription": {
                "text": "Vulnerability GHSA-29mw-wpgm-hmr9"
              }
            },
            {
              "defaultConfiguration": {
                "level": "warning"
              },
              "id": "GHSA-p6mc-m468-83gw",
              "shortDescription": {
                "text": "Vulnerability GHSA-p6mc-m468-83gw"
              }
            },
            {
              "defaultConfiguration": {
                "level": "warning"
              },
              "id": "GHSA-qw6h-vgh9-j6wx",
              "shortDescription": {
                "text": "Vulnerability GHSA-qw6h-vgh9-j6wx"
              }
            },
            {
              "defaultConfiguration": {
                "level": "warning"
              },
              "id": "GHSA-wf5p-g6vw-rhxx",
              "shortDescription": {
                "text": "Vulnerability GHSA-wf5p-g6vw-rhxx"
              }
            },
            {
              "defaultConfiguration": {
                "level": "warning"
              },
              "id": "GHSA-4hjh-wcwx-xvwj",
              "shortDescription": {
                "text": "Vulnerability GHSA-4hjh-wcwx-xvwj"
              }
            },
            {
              "defaultConfiguration": {
                "level": "warning"
              },
              "id": "GHSA-35jh-r3h4-6jhm",
              "shortDescription": {
                "text": "Vulnerability GHSA-35jh-r3h4-6jhm"
              }
            },
            {
              "defaultConfiguration": {
                "level": "warning"
              },
              "id": "GHSA-cph5-m8f7-6c5x",
              "shortDescription": {
                "text": "Vulnerability GHSA-cph5-m8f7-6c5x"
              }
            },
            {
              "defaultConfiguration": {
                "level": "warning"
              },
              "id": "GHSA-rhx6-c78j-4q9w",
              "shortDescription": {
                "text": "Vulnerability GHSA-rhx6-c78j-4q9w"
              }
            },
            {
              "defaultConfiguration": {
                "level": "warning"
              },
              "id": "GHSA-cm22-4g7w-348p",
              "shortDescription": {
                "text": "Vulnerability GHSA-cm22-4g7w-348p"
              }
            },
            {
              "defaultConfiguration": {
                "level": "warning"
              },
              "id": "GHSA-9wv6-86v2-598j",
              "shortDescription": {
                "text": "Vulnerability GHSA-9wv6-86v2-598j"
              }
            },
            {
              "defaultConfiguration": {
                "level": "warning"
              },
              "id": "GHSA-rv95-896h-c2vc",
              "shortDescription": {
                "text": "Vulnerability GHSA-rv95-896h-c2vc"
              }
            },
            {
              "defaultConfiguration": {
                "level": "warning"
              },
              "id": "GHSA-m6fv-jmcg-4jfg",
              "shortDescription": {
                "text": "Vulnerability GHSA-m6fv-jmcg-4jfg"
              }
            },
            {
              "defaultConfiguration": {
                "level": "warning"
              },
              "id": "GHSA-pxg6-pf52-xh8x",
              "shortDescription": {
                "text": "Vulnerability GHSA-pxg6-pf52-xh8x"
              }
            },
            {
              "defaultConfiguration": {
                "level": "warning"
              },
              "id": "GHSA-jr5f-v2jv-69x6",
              "shortDescription": {
                "text": "Vulnerability GHSA-jr5f-v2jv-69x6"
              }
            },
            {
              "defaultConfiguration": {
                "level": "warning"
              },
              "id": "GHSA-hrpp-h998-j3pp",
              "shortDescription": {
                "text": "Vulnerability GHSA-hrpp-h998-j3pp"
              }
            }
          ],
          "version": "6.5.0"
        }
      }
    }
  ],
  "version": "2.1.0"
}
