---
source: crates/bazbom/tests/refactor_integration.rs
expression: sarif
---
{
  "$schema": "https://json.schemastore.org/sarif-2.1.0.json",
  "runs": [
    {
      "results": [
        {
          "level": "note",
          "locations": [
            {
              "physicalLocation": {
                "artifactLocation": {
                  "uri": "Django@2.2.0"
                }
              }
            }
          ],
          "message": {
            "text": "Vulnerability GHSA-2gwj-7jmv-h26r found in Django. . [!] Code is REACHABLE - vulnerability is exploitable"
          },
          "properties": {
            "component": "Django",
            "priority": "P3",
            "reachable": true,
            "version": "2.2.0",
            "vulnerability_id": "GHSA-2gwj-7jmv-h26r"
          },
          "ruleId": "GHSA-2gwj-7jmv-h26r"
        },
        {
          "level": "note",
          "locations": [
            {
              "physicalLocation": {
                "artifactLocation": {
                  "uri": "Django@2.2.0"
                }
              }
            }
          ],
          "message": {
            "text": "Vulnerability GHSA-2m34-jcjv-45xf found in Django. . [!] Code is REACHABLE - vulnerability is exploitable"
          },
          "properties": {
            "component": "Django",
            "priority": "P3",
            "reachable": true,
            "version": "2.2.0",
            "vulnerability_id": "GHSA-2m34-jcjv-45xf"
          },
          "ruleId": "GHSA-2m34-jcjv-45xf"
        },
        {
          "level": "note",
          "locations": [
            {
              "physicalLocation": {
                "artifactLocation": {
                  "uri": "Django@2.2.0"
                }
              }
            }
          ],
          "message": {
            "text": "Vulnerability GHSA-3gh2-xw74-jmcw found in Django. . [!] Code is REACHABLE - vulnerability is exploitable"
          },
          "properties": {
            "component": "Django",
            "priority": "P3",
            "reachable": true,
            "version": "2.2.0",
            "vulnerability_id": "GHSA-3gh2-xw74-jmcw"
          },
          "ruleId": "GHSA-3gh2-xw74-jmcw"
        },
        {
          "level": "note",
          "locations": [
            {
              "physicalLocation": {
                "artifactLocation": {
                  "uri": "Django@2.2.0"
                }
              }
            }
          ],
          "message": {
            "text": "Vulnerability GHSA-53qw-q765-4fww found in Django. . [!] Code is REACHABLE - vulnerability is exploitable"
          },
          "properties": {
            "component": "Django",
            "priority": "P3",
            "reachable": true,
            "version": "2.2.0",
            "vulnerability_id": "GHSA-53qw-q765-4fww"
          },
          "ruleId": "GHSA-53qw-q765-4fww"
        },
        {
          "level": "note",
          "locations": [
            {
              "physicalLocation": {
                "artifactLocation": {
                  "uri": "Django@2.2.0"
                }
              }
            }
          ],
          "message": {
            "text": "Vulnerability GHSA-68w8-qjq3-2gfm found in Django. . [!] Code is REACHABLE - vulnerability is exploitable"
          },
          "properties": {
            "component": "Django",
            "priority": "P3",
            "reachable": true,
            "version": "2.2.0",
            "vulnerability_id": "GHSA-68w8-qjq3-2gfm"
          },
          "ruleId": "GHSA-68w8-qjq3-2gfm"
        },
        {
          "level": "note",
          "locations": [
            {
              "physicalLocation": {
                "artifactLocation": {
                  "uri": "Django@2.2.0"
                }
              }
            }
          ],
          "message": {
            "text": "Vulnerability GHSA-6c3j-c64m-qhgq found in Django. . [!] Code is REACHABLE - vulnerability is exploitable"
          },
          "properties": {
            "component": "Django",
            "priority": "P3",
            "reachable": true,
            "version": "2.2.0",
            "vulnerability_id": "GHSA-6c3j-c64m-qhgq"
          },
          "ruleId": "GHSA-6c3j-c64m-qhgq"
        },
        {
          "level": "note",
          "locations": [
            {
              "physicalLocation": {
                "artifactLocation": {
                  "uri": "Django@2.2.0"
                }
              }
            }
          ],
          "message": {
            "text": "Vulnerability GHSA-6c7v-2f49-8h26 found in Django. . [!] Code is REACHABLE - vulnerability is exploitable"
          },
          "properties": {
            "component": "Django",
            "priority": "P3",
            "reachable": true,
            "version": "2.2.0",
            "vulnerability_id": "GHSA-6c7v-2f49-8h26"
          },
          "ruleId": "GHSA-6c7v-2f49-8h26"
        },
        {
          "level": "note",
          "locations": [
            {
              "physicalLocation": {
                "artifactLocation": {
                  "uri": "Django@2.2.0"
                }
              }
            }
          ],
          "message": {
            "text": "Vulnerability GHSA-6cw3-g6wv-c2xv found in Django. . [!] Code is REACHABLE - vulnerability is exploitable"
          },
          "properties": {
            "component": "Django",
            "priority": "P3",
            "reachable": true,
            "version": "2.2.0",
            "vulnerability_id": "GHSA-6cw3-g6wv-c2xv"
          },
          "ruleId": "GHSA-6cw3-g6wv-c2xv"
        },
        {
          "level": "note",
          "locations": [
            {
              "physicalLocation": {
                "artifactLocation": {
                  "uri": "Django@2.2.0"
                }
              }
            }
          ],
          "message": {
            "text": "Vulnerability GHSA-6r97-cj55-9hrq found in Django. . [!] Code is REACHABLE - vulnerability is exploitable"
          },
          "properties": {
            "component": "Django",
            "priority": "P3",
            "reachable": true,
            "version": "2.2.0",
            "vulnerability_id": "GHSA-6r97-cj55-9hrq"
          },
          "ruleId": "GHSA-6r97-cj55-9hrq"
        },
        {
          "level": "note",
          "locations": [
            {
              "physicalLocation": {
                "artifactLocation": {
                  "uri": "Django@2.2.0"
                }
              }
            }
          ],
          "message": {
            "text": "Vulnerability GHSA-6w2r-r2m5-xq5w found in Django. . [!] Code is REACHABLE - vulnerability is exploitable"
          },
          "properties": {
            "component": "Django",
            "priority": "P3",
            "reachable": true,
            "version": "2.2.0",
            "vulnerability_id": "GHSA-6w2r-r2m5-xq5w"
          },
          "ruleId": "GHSA-6w2r-r2m5-xq5w"
        },
        {
          "level": "note",
          "locations": [
            {
              "physicalLocation": {
                "artifactLocation": {
                  "uri": "Django@2.2.0"
                }
              }
            }
          ],
          "message": {
            "text": "Vulnerability GHSA-7rp2-fm2h-wchj found in Django. . [!] Code is REACHABLE - vulnerability is exploitable"
          },
          "properties": {
            "component": "Django",
            "priority": "P3",
            "reachable": true,
            "version": "2.2.0",
            "vulnerability_id": "GHSA-7rp2-fm2h-wchj"
          },
          "ruleId": "GHSA-7rp2-fm2h-wchj"
        },
        {
          "level": "note",
          "locations": [
            {
              "physicalLocation": {
                "artifactLocation": {
                  "uri": "Django@2.2.0"
                }
              }
            }
          ],
          "message": {
            "text": "Vulnerability GHSA-7xr5-9hcq-chf9 found in Django. . [!] Code is REACHABLE - vulnerability is exploitable"
          },
          "properties": {
            "component": "Django",
            "priority": "P3",
            "reachable": true,
            "version": "2.2.0",
            "vulnerability_id": "GHSA-7xr5-9hcq-chf9"
          },
          "ruleId": "GHSA-7xr5-9hcq-chf9"
        },
        {
          "level": "note",
          "locations": [
            {
              "physicalLocation": {
                "artifactLocation": {
                  "uri": "Django@2.2.0"
                }
              }
            }
          ],
          "message": {
            "text": "Vulnerability GHSA-8c5j-9r9f-c6w8 found in Django. . [!] Code is REACHABLE - vulnerability is exploitable"
          },
          "properties": {
            "component": "Django",
            "priority": "P3",
            "reachable": true,
            "version": "2.2.0",
            "vulnerability_id": "GHSA-8c5j-9r9f-c6w8"
          },
          "ruleId": "GHSA-8c5j-9r9f-c6w8"
        },
        {
          "level": "note",
          "locations": [
            {
              "physicalLocation": {
                "artifactLocation": {
                  "uri": "Django@2.2.0"
                }
              }
            }
          ],
          "message": {
            "text": "Vulnerability GHSA-8x94-hmjh-97hq found in Django. . [!] Code is REACHABLE - vulnerability is exploitable"
          },
          "properties": {
            "component": "Django",
            "priority": "P3",
            "reachable": true,
            "version": "2.2.0",
            "vulnerability_id": "GHSA-8x94-hmjh-97hq"
          },
          "ruleId": "GHSA-8x94-hmjh-97hq"
        },
        {
          "level": "note",
          "locations": [
            {
              "physicalLocation": {
                "artifactLocation": {
                  "uri": "Django@2.2.0"
                }
              }
            }
          ],
          "message": {
            "text": "Vulnerability GHSA-95rw-fx8r-36v6 found in Django. . [!] Code is REACHABLE - vulnerability is exploitable"
          },
          "properties": {
            "component": "Django",
            "priority": "P3",
            "reachable": true,
            "version": "2.2.0",
            "vulnerability_id": "GHSA-95rw-fx8r-36v6"
          },
          "ruleId": "GHSA-95rw-fx8r-36v6"
        },
        {
          "level": "note",
          "locations": [
            {
              "physicalLocation": {
                "artifactLocation": {
                  "uri": "Django@2.2.0"
                }
              }
            }
          ],
          "message": {
            "text": "Vulnerability GHSA-c4qh-4vgv-qc6g found in Django. . [!] Code is REACHABLE - vulnerability is exploitable"
          },
          "properties": {
            "component": "Django",
            "priority": "P3",
            "reachable": true,
            "version": "2.2.0",
            "vulnerability_id": "GHSA-c4qh-4vgv-qc6g"
          },
          "ruleId": "GHSA-c4qh-4vgv-qc6g"
        },
        {
          "level": "note",
          "locations": [
            {
              "physicalLocation": {
                "artifactLocation": {
                  "uri": "Django@2.2.0"
                }
              }
            }
          ],
          "message": {
            "text": "Vulnerability GHSA-fr28-569j-53c4 found in Django. . [!] Code is REACHABLE - vulnerability is exploitable"
          },
          "properties": {
            "component": "Django",
            "priority": "P3",
            "reachable": true,
            "version": "2.2.0",
            "vulnerability_id": "GHSA-fr28-569j-53c4"
          },
          "ruleId": "GHSA-fr28-569j-53c4"
        },
        {
          "level": "note",
          "locations": [
            {
              "physicalLocation": {
                "artifactLocation": {
                  "uri": "Django@2.2.0"
                }
              }
            }
          ],
          "message": {
            "text": "Vulnerability GHSA-frmv-pr5f-9mcr found in Django. . [!] Code is REACHABLE - vulnerability is exploitable"
          },
          "properties": {
            "component": "Django",
            "priority": "P3",
            "reachable": true,
            "version": "2.2.0",
            "vulnerability_id": "GHSA-frmv-pr5f-9mcr"
          },
          "ruleId": "GHSA-frmv-pr5f-9mcr"
        },
        {
          "level": "note",
          "locations": [
            {
              "physicalLocation": {
                "artifactLocation": {
                  "uri": "Django@2.2.0"
                }
              }
            }
          ],
          "message": {
            "text": "Vulnerability GHSA-fvgf-6h6h-3322 found in Django. . [!] Code is REACHABLE - vulnerability is exploitable"
          },
          "properties": {
            "component": "Django",
            "priority": "P3",
            "reachable": true,
            "version": "2.2.0",
            "vulnerability_id": "GHSA-fvgf-6h6h-3322"
          },
          "ruleId": "GHSA-fvgf-6h6h-3322"
        },
        {
          "level": "note",
          "locations": [
            {
              "physicalLocation": {
                "artifactLocation": {
                  "uri": "Django@2.2.0"
                }
              }
            }
          ],
          "message": {
            "text": "Vulnerability GHSA-h5jv-4p7w-64jg found in Django. . [!] Code is REACHABLE - vulnerability is exploitable"
          },
          "properties": {
            "component": "Django",
            "priority": "P3",
            "reachable": true,
            "version": "2.2.0",
            "vulnerability_id": "GHSA-h5jv-4p7w-64jg"
          },
          "ruleId": "GHSA-h5jv-4p7w-64jg"
        },
        {
          "level": "note",
          "locations": [
            {
              "physicalLocation": {
                "artifactLocation": {
                  "uri": "Django@2.2.0"
                }
              }
            }
          ],
          "message": {
            "text": "Vulnerability GHSA-hmr4-m2h5-33qx found in Django. . [!] Code is REACHABLE - vulnerability is exploitable"
          },
          "properties": {
            "component": "Django",
            "priority": "P3",
            "reachable": true,
            "version": "2.2.0",
            "vulnerability_id": "GHSA-hmr4-m2h5-33qx"
          },
          "ruleId": "GHSA-hmr4-m2h5-33qx"
        },
        {
          "level": "note",
          "locations": [
            {
              "physicalLocation": {
                "artifactLocation": {
                  "uri": "Django@2.2.0"
                }
              }
            }
          ],
          "message": {
            "text": "Vulnerability GHSA-hvmf-r92r-27hr found in Django. . [!] Code is REACHABLE - vulnerability is exploitable"
          },
          "properties": {
            "component": "Django",
            "priority": "P3",
            "reachable": true,
            "version": "2.2.0",
            "vulnerability_id": "GHSA-hvmf-r92r-27hr"
          },
          "ruleId": "GHSA-hvmf-r92r-27hr"
        },
        {
          "level": "note",
          "locations": [
            {
              "physicalLocation": {
                "artifactLocation": {
                  "uri": "Django@2.2.0"
                }
              }
            }
          ],
          "message": {
            "text": "Vulnerability GHSA-jrh2-hc4r-7jwx found in Django. . [!] Code is REACHABLE - vulnerability is exploitable"
          },
          "properties": {
            "component": "Django",
            "priority": "P3",
            "reachable": true,
            "version": "2.2.0",
            "vulnerability_id": "GHSA-jrh2-hc4r-7jwx"
          },
          "ruleId": "GHSA-jrh2-hc4r-7jwx"
        },
        {
          "level": "note",
          "locations": [
            {
              "physicalLocation": {
                "artifactLocation": {
                  "uri": "Django@2.2.0"
                }
              }
            }
          ],
          "message": {
            "text": "Vulnerability GHSA-m6gj-h9gm-gw44 found in Django. . [!] Code is REACHABLE - vulnerability is exploitable"
          },
          "properties": {
            "component": "Django",
            "priority": "P3",
            "reachable": true,
            "version": "2.2.0",
            "vulnerability_id": "GHSA-m6gj-h9gm-gw44"
          },
          "ruleId": "GHSA-m6gj-h9gm-gw44"
        },
        {
          "level": "note",
          "locations": [
            {
              "physicalLocation": {
                "artifactLocation": {
                  "uri": "Django@2.2.0"
                }
              }
            }
          ],
          "message": {
            "text": "Vulnerability GHSA-p99v-5w3c-jqq9 found in Django. . [!] Code is REACHABLE - vulnerability is exploitable"
          },
          "properties": {
            "component": "Django",
            "priority": "P3",
            "reachable": true,
            "version": "2.2.0",
            "vulnerability_id": "GHSA-p99v-5w3c-jqq9"
          },
          "ruleId": "GHSA-p99v-5w3c-jqq9"
        },
        {
          "level": "note",
          "locations": [
            {
              "physicalLocation": {
                "artifactLocation": {
                  "uri": "Django@2.2.0"
                }
              }
            }
          ],
          "message": {
            "text": "Vulnerability GHSA-qm57-vhq3-3fwf found in Django. . [!] Code is REACHABLE - vulnerability is exploitable"
          },
          "properties": {
            "component": "Django",
            "priority": "P3",
            "reachable": true,
            "version": "2.2.0",
            "vulnerability_id": "GHSA-qm57-vhq3-3fwf"
          },
          "ruleId": "GHSA-qm57-vhq3-3fwf"
        },
        {
          "level": "note",
          "locations": [
            {
              "physicalLocation": {
                "artifactLocation": {
                  "uri": "Django@2.2.0"
                }
              }
            }
          ],
          "message": {
            "text": "Vulnerability GHSA-qw25-v68c-qjf3 found in Django. . [!] Code is REACHABLE - vulnerability is exploitable"
          },
          "properties": {
            "component": "Django",
            "priority": "P3",
            "reachable": true,
            "version": "2.2.0",
            "vulnerability_id": "GHSA-qw25-v68c-qjf3"
          },
          "ruleId": "GHSA-qw25-v68c-qjf3"
        },
        {
          "level": "note",
          "locations": [
            {
              "physicalLocation": {
                "artifactLocation": {
                  "uri": "Django@2.2.0"
                }
              }
            }
          ],
          "message": {
            "text": "Vulnerability GHSA-rrqc-c2jx-6jgv found in Django. . [!] Code is REACHABLE - vulnerability is exploitable"
          },
          "properties": {
            "component": "Django",
            "priority": "P3",
            "reachable": true,
            "version": "2.2.0",
            "vulnerability_id": "GHSA-rrqc-c2jx-6jgv"
          },
          "ruleId": "GHSA-rrqc-c2jx-6jgv"
        },
        {
          "level": "note",
          "locations": [
            {
              "physicalLocation": {
                "artifactLocation": {
                  "uri": "Django@2.2.0"
                }
              }
            }
          ],
          "message": {
            "text": "Vulnerability GHSA-rxjp-mfm9-w4wr found in Django. . [!] Code is REACHABLE - vulnerability is exploitable"
          },
          "properties": {
            "component": "Django",
            "priority": "P3",
            "reachable": true,
            "version": "2.2.0",
            "vulnerability_id": "GHSA-rxjp-mfm9-w4wr"
          },
          "ruleId": "GHSA-rxjp-mfm9-w4wr"
        },
        {
          "level": "note",
          "locations": [
            {
              "physicalLocation": {
                "artifactLocation": {
                  "uri": "Django@2.2.0"
                }
              }
            }
          ],
          "message": {
            "text": "Vulnerability GHSA-v6rh-hp5x-86rv found in Django. . [!] Code is REACHABLE - vulnerability is exploitable"
          },
          "properties": {
            "component": "Django",
            "priority": "P3",
            "reachable": true,
            "version": "2.2.0",
            "vulnerability_id": "GHSA-v6rh-hp5x-86rv"
          },
          "ruleId": "GHSA-v6rh-hp5x-86rv"
        },
        {
          "level": "note",
          "locations": [
            {
              "physicalLocation": {
                "artifactLocation": {
                  "uri": "Django@2.2.0"
                }
              }
            }
          ],
          "message": {
            "text": "Vulnerability GHSA-v9qg-3j8p-r63v found in Django. . [!] Code is REACHABLE - vulnerability is exploitable"
          },
          "properties": {
            "component": "Django",
            "priority": "P3",
            "reachable": true,
            "version": "2.2.0",
            "vulnerability_id": "GHSA-v9qg-3j8p-r63v"
          },
          "ruleId": "GHSA-v9qg-3j8p-r63v"
        },
        {
          "level": "note",
          "locations": [
            {
              "physicalLocation": {
                "artifactLocation": {
                  "uri": "Django@2.2.0"
                }
              }
            }
          ],
          "message": {
            "text": "Vulnerability GHSA-vfq6-hq5r-27r6 found in Django. . [!] Code is REACHABLE - vulnerability is exploitable"
          },
          "properties": {
            "component": "Django",
            "priority": "P3",
            "reachable": true,
            "version": "2.2.0",
            "vulnerability_id": "GHSA-vfq6-hq5r-27r6"
          },
          "ruleId": "GHSA-vfq6-hq5r-27r6"
        },
        {
          "level": "note",
          "locations": [
            {
              "physicalLocation": {
                "artifactLocation": {
                  "uri": "Django@2.2.0"
                }
              }
            }
          ],
          "message": {
            "text": "Vulnerability GHSA-w24h-v9qh-8gxj found in Django. . [!] Code is REACHABLE - vulnerability is exploitable"
          },
          "properties": {
            "component": "Django",
            "priority": "P3",
            "reachable": true,
            "version": "2.2.0",
            "vulnerability_id": "GHSA-w24h-v9qh-8gxj"
          },
          "ruleId": "GHSA-w24h-v9qh-8gxj"
        },
        {
          "level": "note",
          "locations": [
            {
              "physicalLocation": {
                "artifactLocation": {
                  "uri": "Django@2.2.0"
                }
              }
            }
          ],
          "message": {
            "text": "Vulnerability GHSA-wpjr-j57x-wxfw found in Django. . [!] Code is REACHABLE - vulnerability is exploitable"
          },
          "properties": {
            "component": "Django",
            "priority": "P3",
            "reachable": true,
            "version": "2.2.0",
            "vulnerability_id": "GHSA-wpjr-j57x-wxfw"
          },
          "ruleId": "GHSA-wpjr-j57x-wxfw"
        },
        {
          "level": "note",
          "locations": [
            {
              "physicalLocation": {
                "artifactLocation": {
                  "uri": "Django@2.2.0"
                }
              }
            }
          ],
          "message": {
            "text": "Vulnerability GHSA-xgxc-v2qg-chmh found in Django. . [!] Code is REACHABLE - vulnerability is exploitable"
          },
          "properties": {
            "component": "Django",
            "priority": "P3",
            "reachable": true,
            "version": "2.2.0",
            "vulnerability_id": "GHSA-xgxc-v2qg-chmh"
          },
          "ruleId": "GHSA-xgxc-v2qg-chmh"
        },
        {
          "level": "note",
          "locations": [
            {
              "physicalLocation": {
                "artifactLocation": {
                  "uri": "Django@2.2.0"
                }
              }
            }
          ],
          "message": {
            "text": "Vulnerability PYSEC-2019-10 found in Django. . [!] Code is REACHABLE - vulnerability is exploitable"
          },
          "properties": {
            "component": "Django",
            "priority": "P3",
            "reachable": true,
            "version": "2.2.0",
            "vulnerability_id": "PYSEC-2019-10"
          },
          "ruleId": "PYSEC-2019-10"
        },
        {
          "level": "note",
          "locations": [
            {
              "physicalLocation": {
                "artifactLocation": {
                  "uri": "Django@2.2.0"
                }
              }
            }
          ],
          "message": {
            "text": "Vulnerability PYSEC-2019-11 found in Django. . [!] Code is REACHABLE - vulnerability is exploitable"
          },
          "properties": {
            "component": "Django",
            "priority": "P3",
            "reachable": true,
            "version": "2.2.0",
            "vulnerability_id": "PYSEC-2019-11"
          },
          "ruleId": "PYSEC-2019-11"
        },
        {
          "level": "note",
          "locations": [
            {
              "physicalLocation": {
                "artifactLocation": {
                  "uri": "Django@2.2.0"
                }
              }
            }
          ],
          "message": {
            "text": "Vulnerability PYSEC-2019-12 found in Django. . [!] Code is REACHABLE - vulnerability is exploitable"
          },
          "properties": {
            "component": "Django",
            "priority": "P3",
            "reachable": true,
            "version": "2.2.0",
            "vulnerability_id": "PYSEC-2019-12"
          },
          "ruleId": "PYSEC-2019-12"
        },
        {
          "level": "note",
          "locations": [
            {
              "physicalLocation": {
                "artifactLocation": {
                  "uri": "Django@2.2.0"
                }
              }
            }
          ],
          "message": {
            "text": "Vulnerability PYSEC-2019-13 found in Django. . [!] Code is REACHABLE - vulnerability is exploitable"
          },
          "properties": {
            "component": "Django",
            "priority": "P3",
            "reachable": true,
            "version": "2.2.0",
            "vulnerability_id": "PYSEC-2019-13"
          },
          "ruleId": "PYSEC-2019-13"
        },
        {
          "level": "note",
          "locations": [
            {
              "physicalLocation": {
                "artifactLocation": {
                  "uri": "Django@2.2.0"
                }
              }
            }
          ],
          "message": {
            "text": "Vulnerability PYSEC-2019-14 found in Django. . [!] Code is REACHABLE - vulnerability is exploitable"
          },
          "properties": {
            "component": "Django",
            "priority": "P3",
            "reachable": true,
            "version": "2.2.0",
            "vulnerability_id": "PYSEC-2019-14"
          },
          "ruleId": "PYSEC-2019-14"
        },
        {
          "level": "note",
          "locations": [
            {
              "physicalLocation": {
                "artifactLocation": {
                  "uri": "Django@2.2.0"
                }
              }
            }
          ],
          "message": {
            "text": "Vulnerability PYSEC-2019-15 found in Django. . [!] Code is REACHABLE - vulnerability is exploitable"
          },
          "properties": {
            "component": "Django",
            "priority": "P3",
            "reachable": true,
            "version": "2.2.0",
            "vulnerability_id": "PYSEC-2019-15"
          },
          "ruleId": "PYSEC-2019-15"
        },
        {
          "level": "note",
          "locations": [
            {
              "physicalLocation": {
                "artifactLocation": {
                  "uri": "Django@2.2.0"
                }
              }
            }
          ],
          "message": {
            "text": "Vulnerability PYSEC-2019-16 found in Django. . [!] Code is REACHABLE - vulnerability is exploitable"
          },
          "properties": {
            "component": "Django",
            "priority": "P3",
            "reachable": true,
            "version": "2.2.0",
            "vulnerability_id": "PYSEC-2019-16"
          },
          "ruleId": "PYSEC-2019-16"
        },
        {
          "level": "note",
          "locations": [
            {
              "physicalLocation": {
                "artifactLocation": {
                  "uri": "Django@2.2.0"
                }
              }
            }
          ],
          "message": {
            "text": "Vulnerability PYSEC-2019-79 found in Django. . [!] Code is REACHABLE - vulnerability is exploitable"
          },
          "properties": {
            "component": "Django",
            "priority": "P3",
            "reachable": true,
            "version": "2.2.0",
            "vulnerability_id": "PYSEC-2019-79"
          },
          "ruleId": "PYSEC-2019-79"
        },
        {
          "level": "note",
          "locations": [
            {
              "physicalLocation": {
                "artifactLocation": {
                  "uri": "Django@2.2.0"
                }
              }
            }
          ],
          "message": {
            "text": "Vulnerability PYSEC-2020-31 found in Django. . [!] Code is REACHABLE - vulnerability is exploitable"
          },
          "properties": {
            "component": "Django",
            "priority": "P3",
            "reachable": true,
            "version": "2.2.0",
            "vulnerability_id": "PYSEC-2020-31"
          },
          "ruleId": "PYSEC-2020-31"
        },
        {
          "level": "note",
          "locations": [
            {
              "physicalLocation": {
                "artifactLocation": {
                  "uri": "Django@2.2.0"
                }
              }
            }
          ],
          "message": {
            "text": "Vulnerability PYSEC-2020-32 found in Django. . [!] Code is REACHABLE - vulnerability is exploitable"
          },
          "properties": {
            "component": "Django",
            "priority": "P3",
            "reachable": true,
            "version": "2.2.0",
            "vulnerability_id": "PYSEC-2020-32"
          },
          "ruleId": "PYSEC-2020-32"
        },
        {
          "level": "note",
          "locations": [
            {
              "physicalLocation": {
                "artifactLocation": {
                  "uri": "Django@2.2.0"
                }
              }
            }
          ],
          "message": {
            "text": "Vulnerability PYSEC-2020-33 found in Django. . [!] Code is REACHABLE - vulnerability is exploitable"
          },
          "properties": {
            "component": "Django",
            "priority": "P3",
            "reachable": true,
            "version": "2.2.0",
            "vulnerability_id": "PYSEC-2020-33"
          },
          "ruleId": "PYSEC-2020-33"
        },
        {
          "level": "note",
          "locations": [
            {
              "physicalLocation": {
                "artifactLocation": {
                  "uri": "Django@2.2.0"
                }
              }
            }
          ],
          "message": {
            "text": "Vulnerability PYSEC-2020-34 found in Django. . [!] Code is REACHABLE - vulnerability is exploitable"
          },
          "properties": {
            "component": "Django",
            "priority": "P3",
            "reachable": true,
            "version": "2.2.0",
            "vulnerability_id": "PYSEC-2020-34"
          },
          "ruleId": "PYSEC-2020-34"
        },
        {
          "level": "note",
          "locations": [
            {
              "physicalLocation": {
                "artifactLocation": {
                  "uri": "Django@2.2.0"
                }
              }
            }
          ],
          "message": {
            "text": "Vulnerability PYSEC-2020-35 found in Django. . [!] Code is REACHABLE - vulnerability is exploitable"
          },
          "properties": {
            "component": "Django",
            "priority": "P3",
            "reachable": true,
            "version": "2.2.0",
            "vulnerability_id": "PYSEC-2020-35"
          },
          "ruleId": "PYSEC-2020-35"
        },
        {
          "level": "note",
          "locations": [
            {
              "physicalLocation": {
                "artifactLocation": {
                  "uri": "Django@2.2.0"
                }
              }
            }
          ],
          "message": {
            "text": "Vulnerability PYSEC-2020-36 found in Django. . [!] Code is REACHABLE - vulnerability is exploitable"
          },
          "properties": {
            "component": "Django",
            "priority": "P3",
            "reachable": true,
            "version": "2.2.0",
            "vulnerability_id": "PYSEC-2020-36"
          },
          "ruleId": "PYSEC-2020-36"
        },
        {
          "level": "note",
          "locations": [
            {
              "physicalLocation": {
                "artifactLocation": {
                  "uri": "Django@2.2.0"
                }
              }
            }
          ],
          "message": {
            "text": "Vulnerability PYSEC-2021-439 found in Django. . [!] Code is REACHABLE - vulnerability is exploitable"
          },
          "properties": {
            "component": "Django",
            "priority": "P3",
            "reachable": true,
            "version": "2.2.0",
            "vulnerability_id": "PYSEC-2021-439"
          },
          "ruleId": "PYSEC-2021-439"
        },
        {
          "level": "note",
          "locations": [
            {
              "physicalLocation": {
                "artifactLocation": {
                  "uri": "Django@2.2.0"
                }
              }
            }
          ],
          "message": {
            "text": "Vulnerability PYSEC-2021-6 found in Django. . [!] Code is REACHABLE - vulnerability is exploitable"
          },
          "properties": {
            "component": "Django",
            "priority": "P3",
            "reachable": true,
            "version": "2.2.0",
            "vulnerability_id": "PYSEC-2021-6"
          },
          "ruleId": "PYSEC-2021-6"
        },
        {
          "level": "note",
          "locations": [
            {
              "physicalLocation": {
                "artifactLocation": {
                  "uri": "Django@2.2.0"
                }
              }
            }
          ],
          "message": {
            "text": "Vulnerability PYSEC-2021-7 found in Django. . [!] Code is REACHABLE - vulnerability is exploitable"
          },
          "properties": {
            "component": "Django",
            "priority": "P3",
            "reachable": true,
            "version": "2.2.0",
            "vulnerability_id": "PYSEC-2021-7"
          },
          "ruleId": "PYSEC-2021-7"
        },
        {
          "level": "note",
          "locations": [
            {
              "physicalLocation": {
                "artifactLocation": {
                  "uri": "Django@2.2.0"
                }
              }
            }
          ],
          "message": {
            "text": "Vulnerability PYSEC-2021-8 found in Django. . [!] Code is REACHABLE - vulnerability is exploitable"
          },
          "properties": {
            "component": "Django",
            "priority": "P3",
            "reachable": true,
            "version": "2.2.0",
            "vulnerability_id": "PYSEC-2021-8"
          },
          "ruleId": "PYSEC-2021-8"
        },
        {
          "level": "note",
          "locations": [
            {
              "physicalLocation": {
                "artifactLocation": {
                  "uri": "Django@2.2.0"
                }
              }
            }
          ],
          "message": {
            "text": "Vulnerability PYSEC-2021-9 found in Django. . [!] Code is REACHABLE - vulnerability is exploitable"
          },
          "properties": {
            "component": "Django",
            "priority": "P3",
            "reachable": true,
            "version": "2.2.0",
            "vulnerability_id": "PYSEC-2021-9"
          },
          "ruleId": "PYSEC-2021-9"
        },
        {
          "level": "note",
          "locations": [
            {
              "physicalLocation": {
                "artifactLocation": {
                  "uri": "Django@2.2.0"
                }
              }
            }
          ],
          "message": {
            "text": "Vulnerability PYSEC-2021-98 found in Django. . [!] Code is REACHABLE - vulnerability is exploitable"
          },
          "properties": {
            "component": "Django",
            "priority": "P3",
            "reachable": true,
            "version": "2.2.0",
            "vulnerability_id": "PYSEC-2021-98"
          },
          "ruleId": "PYSEC-2021-98"
        },
        {
          "level": "note",
          "locations": [
            {
              "physicalLocation": {
                "artifactLocation": {
                  "uri": "Django@2.2.0"
                }
              }
            }
          ],
          "message": {
            "text": "Vulnerability PYSEC-2021-99 found in Django. . [!] Code is REACHABLE - vulnerability is exploitable"
          },
          "properties": {
            "component": "Django",
            "priority": "P3",
            "reachable": true,
            "version": "2.2.0",
            "vulnerability_id": "PYSEC-2021-99"
          },
          "ruleId": "PYSEC-2021-99"
        },
        {
          "level": "note",
          "locations": [
            {
              "physicalLocation": {
                "artifactLocation": {
                  "uri": "Django@2.2.0"
                }
              }
            }
          ],
          "message": {
            "text": "Vulnerability PYSEC-2022-1 found in Django. . [!] Code is REACHABLE - vulnerability is exploitable"
          },
          "properties": {
            "component": "Django",
            "priority": "P3",
            "reachable": true,
            "version": "2.2.0",
            "vulnerability_id": "PYSEC-2022-1"
          },
          "ruleId": "PYSEC-2022-1"
        },
        {
          "level": "note",
          "locations": [
            {
              "physicalLocation": {
                "artifactLocation": {
                  "uri": "Django@2.2.0"
                }
              }
            }
          ],
          "message": {
            "text": "Vulnerability PYSEC-2022-19 found in Django. . [!] Code is REACHABLE - vulnerability is exploitable"
          },
          "properties": {
            "component": "Django",
            "priority": "P3",
            "reachable": true,
            "version": "2.2.0",
            "vulnerability_id": "PYSEC-2022-19"
          },
          "ruleId": "PYSEC-2022-19"
        },
        {
          "level": "note",
          "locations": [
            {
              "physicalLocation": {
                "artifactLocation": {
                  "uri": "Django@2.2.0"
                }
              }
            }
          ],
          "message": {
            "text": "Vulnerability PYSEC-2022-190 found in Django. . [!] Code is REACHABLE - vulnerability is exploitable"
          },
          "properties": {
            "component": "Django",
            "priority": "P3",
            "reachable": true,
            "version": "2.2.0",
            "vulnerability_id": "PYSEC-2022-190"
          },
          "ruleId": "PYSEC-2022-190"
        },
        {
          "level": "note",
          "locations": [
            {
              "physicalLocation": {
                "artifactLocation": {
                  "uri": "Django@2.2.0"
                }
              }
            }
          ],
          "message": {
            "text": "Vulnerability PYSEC-2022-191 found in Django. . [!] Code is REACHABLE - vulnerability is exploitable"
          },
          "properties": {
            "component": "Django",
            "priority": "P3",
            "reachable": true,
            "version": "2.2.0",
            "vulnerability_id": "PYSEC-2022-191"
          },
          "ruleId": "PYSEC-2022-191"
        },
        {
          "level": "note",
          "locations": [
            {
              "physicalLocation": {
                "artifactLocation": {
                  "uri": "Django@2.2.0"
                }
              }
            }
          ],
          "message": {
            "text": "Vulnerability PYSEC-2022-2 found in Django. . [!] Code is REACHABLE - vulnerability is exploitable"
          },
          "properties": {
            "component": "Django",
            "priority": "P3",
            "reachable": true,
            "version": "2.2.0",
            "vulnerability_id": "PYSEC-2022-2"
          },
          "ruleId": "PYSEC-2022-2"
        },
        {
          "level": "note",
          "locations": [
            {
              "physicalLocation": {
                "artifactLocation": {
                  "uri": "Django@2.2.0"
                }
              }
            }
          ],
          "message": {
            "text": "Vulnerability PYSEC-2022-20 found in Django. . [!] Code is REACHABLE - vulnerability is exploitable"
          },
          "properties": {
            "component": "Django",
            "priority": "P3",
            "reachable": true,
            "version": "2.2.0",
            "vulnerability_id": "PYSEC-2022-20"
          },
          "ruleId": "PYSEC-2022-20"
        },
        {
          "level": "note",
          "locations": [
            {
              "physicalLocation": {
                "artifactLocation": {
                  "uri": "Django@2.2.0"
                }
              }
            }
          ],
          "message": {
            "text": "Vulnerability PYSEC-2022-3 found in Django. . [!] Code is REACHABLE - vulnerability is exploitable"
          },
          "properties": {
            "component": "Django",
            "priority": "P3",
            "reachable": true,
            "version": "2.2.0",
            "vulnerability_id": "PYSEC-2022-3"
          },
          "ruleId": "PYSEC-2022-3"
        },
        {
          "level": "note",
          "locations": [
            {
              "physicalLocation": {
                "artifactLocation": {
                  "uri": "requests@2.25.0"
                }
              }
            }
          ],
          "message": {
            "text": "Vulnerability GHSA-9hjg-9r4m-mvj7 found in requests. . [!] Code is REACHABLE - vulnerability is exploitable"
          },
          "properties": {
            "component": "requests",
            "priority": "P3",
            "reachable": true,
            "version": "2.25.0",
            "vulnerability_id": "GHSA-9hjg-9r4m-mvj7"
          },
          "ruleId": "GHSA-9hjg-9r4m-mvj7"
        },
        {
          "level": "note",
          "locations": [
            {
              "physicalLocation": {
                "artifactLocation": {
                  "uri": "requests@2.25.0"
                }
              }
            }
          ],
          "message": {
            "text": "Vulnerability GHSA-9wx4-h78v-vm56 found in requests. . [!] Code is REACHABLE - vulnerability is exploitable"
          },
          "properties": {
            "component": "requests",
            "priority": "P3",
            "reachable": true,
            "version": "2.25.0",
            "vulnerability_id": "GHSA-9wx4-h78v-vm56"
          },
          "ruleId": "GHSA-9wx4-h78v-vm56"
        },
        {
          "level": "note",
          "locations": [
            {
              "physicalLocation": {
                "artifactLocation": {
                  "uri": "requests@2.25.0"
                }
              }
            }
          ],
          "message": {
            "text": "Vulnerability GHSA-j8r2-6x86-q33q found in requests. . [!] Code is REACHABLE - vulnerability is exploitable"
          },
          "properties": {
            "component": "requests",
            "priority": "P3",
            "reachable": true,
            "version": "2.25.0",
            "vulnerability_id": "GHSA-j8r2-6x86-q33q"
          },
          "ruleId": "GHSA-j8r2-6x86-q33q"
        },
        {
          "level": "note",
          "locations": [
            {
              "physicalLocation": {
                "artifactLocation": {
                  "uri": "requests@2.25.0"
                }
              }
            }
          ],
          "message": {
            "text": "Vulnerability PYSEC-2023-74 found in requests. . [!] Code is REACHABLE - vulnerability is exploitable"
          },
          "properties": {
            "component": "requests",
            "priority": "P3",
            "reachable": true,
            "version": "2.25.0",
            "vulnerability_id": "PYSEC-2023-74"
          },
          "ruleId": "PYSEC-2023-74"
        },
        {
          "level": "note",
          "locations": [
            {
              "physicalLocation": {
                "artifactLocation": {
                  "uri": "urllib3@1.26.0"
                }
              }
            }
          ],
          "message": {
            "text": "Vulnerability GHSA-34jh-p97f-mpxf found in urllib3. . [!] Code is REACHABLE - vulnerability is exploitable"
          },
          "properties": {
            "component": "urllib3",
            "priority": "P3",
            "reachable": true,
            "version": "1.26.0",
            "vulnerability_id": "GHSA-34jh-p97f-mpxf"
          },
          "ruleId": "GHSA-34jh-p97f-mpxf"
        },
        {
          "level": "note",
          "locations": [
            {
              "physicalLocation": {
                "artifactLocation": {
                  "uri": "urllib3@1.26.0"
                }
              }
            }
          ],
          "message": {
            "text": "Vulnerability GHSA-5phf-pp7p-vc2r found in urllib3. . [!] Code is REACHABLE - vulnerability is exploitable"
          },
          "properties": {
            "component": "urllib3",
            "priority": "P3",
            "reachable": true,
            "version": "1.26.0",
            "vulnerability_id": "GHSA-5phf-pp7p-vc2r"
          },
          "ruleId": "GHSA-5phf-pp7p-vc2r"
        },
        {
          "level": "note",
          "locations": [
            {
              "physicalLocation": {
                "artifactLocation": {
                  "uri": "urllib3@1.26.0"
                }
              }
            }
          ],
          "message": {
            "text": "Vulnerability GHSA-g4mx-q9vg-27p4 found in urllib3. . [!] Code is REACHABLE - vulnerability is exploitable"
          },
          "properties": {
            "component": "urllib3",
            "priority": "P3",
            "reachable": true,
            "version": "1.26.0",
            "vulnerability_id": "GHSA-g4mx-q9vg-27p4"
          },
          "ruleId": "GHSA-g4mx-q9vg-27p4"
        },
        {
          "level": "note",
          "locations": [
            {
              "physicalLocation": {
                "artifactLocation": {
                  "uri": "urllib3@1.26.0"
                }
              }
            }
          ],
          "message": {
            "text": "Vulnerability GHSA-pq67-6m6q-mj2v found in urllib3. . [!] Code is REACHABLE - vulnerability is exploitable"
          },
          "properties": {
            "component": "urllib3",
            "priority": "P3",
            "reachable": true,
            "version": "1.26.0",
            "vulnerability_id": "GHSA-pq67-6m6q-mj2v"
          },
          "ruleId": "GHSA-pq67-6m6q-mj2v"
        },
        {
          "level": "note",
          "locations": [
            {
              "physicalLocation": {
                "artifactLocation": {
                  "uri": "urllib3@1.26.0"
                }
              }
            }
          ],
          "message": {
            "text": "Vulnerability GHSA-q2q7-5pp4-w6pg found in urllib3. . [!] Code is REACHABLE - vulnerability is exploitable"
          },
          "properties": {
            "component": "urllib3",
            "priority": "P3",
            "reachable": true,
            "version": "1.26.0",
            "vulnerability_id": "GHSA-q2q7-5pp4-w6pg"
          },
          "ruleId": "GHSA-q2q7-5pp4-w6pg"
        },
        {
          "level": "note",
          "locations": [
            {
              "physicalLocation": {
                "artifactLocation": {
                  "uri": "urllib3@1.26.0"
                }
              }
            }
          ],
          "message": {
            "text": "Vulnerability GHSA-v845-jxx5-vc9f found in urllib3. . [!] Code is REACHABLE - vulnerability is exploitable"
          },
          "properties": {
            "component": "urllib3",
            "priority": "P3",
            "reachable": true,
            "version": "1.26.0",
            "vulnerability_id": "GHSA-v845-jxx5-vc9f"
          },
          "ruleId": "GHSA-v845-jxx5-vc9f"
        },
        {
          "level": "note",
          "locations": [
            {
              "physicalLocation": {
                "artifactLocation": {
                  "uri": "urllib3@1.26.0"
                }
              }
            }
          ],
          "message": {
            "text": "Vulnerability PYSEC-2021-108 found in urllib3. . [!] Code is REACHABLE - vulnerability is exploitable"
          },
          "properties": {
            "component": "urllib3",
            "priority": "P3",
            "reachable": true,
            "version": "1.26.0",
            "vulnerability_id": "PYSEC-2021-108"
          },
          "ruleId": "PYSEC-2021-108"
        },
        {
          "level": "note",
          "locations": [
            {
              "physicalLocation": {
                "artifactLocation": {
                  "uri": "urllib3@1.26.0"
                }
              }
            }
          ],
          "message": {
            "text": "Vulnerability PYSEC-2021-59 found in urllib3. . [!] Code is REACHABLE - vulnerability is exploitable"
          },
          "properties": {
            "component": "urllib3",
            "priority": "P3",
            "reachable": true,
            "version": "1.26.0",
            "vulnerability_id": "PYSEC-2021-59"
          },
          "ruleId": "PYSEC-2021-59"
        },
        {
          "level": "note",
          "locations": [
            {
              "physicalLocation": {
                "artifactLocation": {
                  "uri": "urllib3@1.26.0"
                }
              }
            }
          ],
          "message": {
            "text": "Vulnerability PYSEC-2023-192 found in urllib3. . [!] Code is REACHABLE - vulnerability is exploitable"
          },
          "properties": {
            "component": "urllib3",
            "priority": "P3",
            "reachable": true,
            "version": "1.26.0",
            "vulnerability_id": "PYSEC-2023-192"
          },
          "ruleId": "PYSEC-2023-192"
        },
        {
          "level": "note",
          "locations": [
            {
              "physicalLocation": {
                "artifactLocation": {
                  "uri": "urllib3@1.26.0"
                }
              }
            }
          ],
          "message": {
            "text": "Vulnerability PYSEC-2023-212 found in urllib3. . [!] Code is REACHABLE - vulnerability is exploitable"
          },
          "properties": {
            "component": "urllib3",
            "priority": "P3",
            "reachable": true,
            "version": "1.26.0",
            "vulnerability_id": "PYSEC-2023-212"
          },
          "ruleId": "PYSEC-2023-212"
        },
        {
          "level": "note",
          "locations": [
            {
              "physicalLocation": {
                "artifactLocation": {
                  "uri": "Flask@1.1.1"
                }
              }
            }
          ],
          "message": {
            "text": "Vulnerability GHSA-m2qf-hxjv-5gpq found in Flask. . [!] Code is REACHABLE - vulnerability is exploitable"
          },
          "properties": {
            "component": "Flask",
            "priority": "P3",
            "reachable": true,
            "version": "1.1.1",
            "vulnerability_id": "GHSA-m2qf-hxjv-5gpq"
          },
          "ruleId": "GHSA-m2qf-hxjv-5gpq"
        },
        {
          "level": "note",
          "locations": [
            {
              "physicalLocation": {
                "artifactLocation": {
                  "uri": "Flask@1.1.1"
                }
              }
            }
          ],
          "message": {
            "text": "Vulnerability PYSEC-2023-62 found in Flask. . [!] Code is REACHABLE - vulnerability is exploitable"
          },
          "properties": {
            "component": "Flask",
            "priority": "P3",
            "reachable": true,
            "version": "1.1.1",
            "vulnerability_id": "PYSEC-2023-62"
          },
          "ruleId": "PYSEC-2023-62"
        }
      ],
      "tool": {
        "driver": {
          "name": "BazBOM-SCA",
          "rules": [
            {
              "defaultConfiguration": {
                "level": "warning"
              },
              "id": "PYSEC-2022-3",
              "shortDescription": {
                "text": "Vulnerability PYSEC-2022-3"
              }
            },
            {
              "defaultConfiguration": {
                "level": "warning"
              },
              "id": "GHSA-v845-jxx5-vc9f",
              "shortDescription": {
                "text": "Vulnerability GHSA-v845-jxx5-vc9f"
              }
            },
            {
              "defaultConfiguration": {
                "level": "warning"
              },
              "id": "GHSA-h5jv-4p7w-64jg",
              "shortDescription": {
                "text": "Vulnerability GHSA-h5jv-4p7w-64jg"
              }
            },
            {
              "defaultConfiguration": {
                "level": "warning"
              },
              "id": "GHSA-fr28-569j-53c4",
              "shortDescription": {
                "text": "Vulnerability GHSA-fr28-569j-53c4"
              }
            },
            {
              "defaultConfiguration": {
                "level": "warning"
              },
              "id": "GHSA-3gh2-xw74-jmcw",
              "shortDescription": {
                "text": "Vulnerability GHSA-3gh2-xw74-jmcw"
              }
            },
            {
              "defaultConfiguration": {
                "level": "warning"
              },
              "id": "GHSA-68w8-qjq3-2gfm",
              "shortDescription": {
                "text": "Vulnerability GHSA-68w8-qjq3-2gfm"
              }
            },
            {
              "defaultConfiguration": {
                "level": "warning"
              },
              "id": "GHSA-2gwj-7jmv-h26r",
              "shortDescription": {
                "text": "Vulnerability GHSA-2gwj-7jmv-h26r"
              }
            },
            {
              "defaultConfiguration": {
                "level": "warning"
              },
              "id": "GHSA-6cw3-g6wv-c2xv",
              "shortDescription": {
                "text": "Vulnerability GHSA-6cw3-g6wv-c2xv"
              }
            },
            {
              "defaultConfiguration": {
                "level": "warning"
              },
              "id": "PYSEC-2019-79",
              "shortDescription": {
                "text": "Vulnerability PYSEC-2019-79"
              }
            },
            {
              "defaultConfiguration": {
                "level": "warning"
              },
              "id": "PYSEC-2022-19",
              "shortDescription": {
                "text": "Vulnerability PYSEC-2022-19"
              }
            },
            {
              "defaultConfiguration": {
                "level": "warning"
              },
              "id": "GHSA-qm57-vhq3-3fwf",
              "shortDescription": {
                "text": "Vulnerability GHSA-qm57-vhq3-3fwf"
              }
            },
            {
              "defaultConfiguration": {
                "level": "warning"
              },
              "id": "PYSEC-2019-16",
              "shortDescription": {
                "text": "Vulnerability PYSEC-2019-16"
              }
            },
            {
              "defaultConfiguration": {
                "level": "warning"
              },
              "id": "GHSA-j8r2-6x86-q33q",
              "shortDescription": {
                "text": "Vulnerability GHSA-j8r2-6x86-q33q"
              }
            },
            {
              "defaultConfiguration": {
                "level": "warning"
              },
              "id": "PYSEC-2021-99",
              "shortDescription": {
                "text": "Vulnerability PYSEC-2021-99"
              }
            },
            {
              "defaultConfiguration": {
                "level": "warning"
              },
              "id": "PYSEC-2019-14",
              "shortDescription": {
                "text": "Vulnerability PYSEC-2019-14"
              }
            },
            {
              "defaultConfiguration": {
                "level": "warning"
              },
              "id": "GHSA-v9qg-3j8p-r63v",
              "shortDescription": {
                "text": "Vulnerability GHSA-v9qg-3j8p-r63v"
              }
            },
            {
              "defaultConfiguration": {
                "level": "warning"
              },
              "id": "PYSEC-2021-59",
              "shortDescription": {
                "text": "Vulnerability PYSEC-2021-59"
              }
            },
            {
              "defaultConfiguration": {
                "level": "warning"
              },
              "id": "GHSA-9wx4-h78v-vm56",
              "shortDescription": {
                "text": "Vulnerability GHSA-9wx4-h78v-vm56"
              }
            },
            {
              "defaultConfiguration": {
                "level": "warning"
              },
              "id": "PYSEC-2023-192",
              "shortDescription": {
                "text": "Vulnerability PYSEC-2023-192"
              }
            },
            {
              "defaultConfiguration": {
                "level": "warning"
              },
              "id": "PYSEC-2021-7",
              "shortDescription": {
                "text": "Vulnerability PYSEC-2021-7"
              }
            },
            {
              "defaultConfiguration": {
                "level": "warning"
              },
              "id": "PYSEC-2022-191",
              "shortDescription": {
                "text": "Vulnerability PYSEC-2022-191"
              }
            },
            {
              "defaultConfiguration": {
                "level": "warning"
              },
              "id": "GHSA-frmv-pr5f-9mcr",
              "shortDescription": {
                "text": "Vulnerability GHSA-frmv-pr5f-9mcr"
              }
            },
            {
              "defaultConfiguration": {
                "level": "warning"
              },
              "id": "GHSA-wpjr-j57x-wxfw",
              "shortDescription": {
                "text": "Vulnerability GHSA-wpjr-j57x-wxfw"
              }
            },
            {
              "defaultConfiguration": {
                "level": "warning"
              },
              "id": "GHSA-vfq6-hq5r-27r6",
              "shortDescription": {
                "text": "Vulnerability GHSA-vfq6-hq5r-27r6"
              }
            },
            {
              "defaultConfiguration": {
                "level": "warning"
              },
              "id": "PYSEC-2023-74",
              "shortDescription": {
                "text": "Vulnerability PYSEC-2023-74"
              }
            },
            {
              "defaultConfiguration": {
                "level": "warning"
              },
              "id": "GHSA-jrh2-hc4r-7jwx",
              "shortDescription": {
                "text": "Vulnerability GHSA-jrh2-hc4r-7jwx"
              }
            },
            {
              "defaultConfiguration": {
                "level": "warning"
              },
              "id": "PYSEC-2021-439",
              "shortDescription": {
                "text": "Vulnerability PYSEC-2021-439"
              }
            },
            {
              "defaultConfiguration": {
                "level": "warning"
              },
              "id": "GHSA-w24h-v9qh-8gxj",
              "shortDescription": {
                "text": "Vulnerability GHSA-w24h-v9qh-8gxj"
              }
            },
            {
              "defaultConfiguration": {
                "level": "warning"
              },
              "id": "GHSA-6c3j-c64m-qhgq",
              "shortDescription": {
                "text": "Vulnerability GHSA-6c3j-c64m-qhgq"
              }
            },
            {
              "defaultConfiguration": {
                "level": "warning"
              },
              "id": "GHSA-c4qh-4vgv-qc6g",
              "shortDescription": {
                "text": "Vulnerability GHSA-c4qh-4vgv-qc6g"
              }
            },
            {
              "defaultConfiguration": {
                "level": "warning"
              },
              "id": "GHSA-53qw-q765-4fww",
              "shortDescription": {
                "text": "Vulnerability GHSA-53qw-q765-4fww"
              }
            },
            {
              "defaultConfiguration": {
                "level": "warning"
              },
              "id": "GHSA-95rw-fx8r-36v6",
              "shortDescription": {
                "text": "Vulnerability GHSA-95rw-fx8r-36v6"
              }
            },
            {
              "defaultConfiguration": {
                "level": "warning"
              },
              "id": "PYSEC-2021-9",
              "shortDescription": {
                "text": "Vulnerability PYSEC-2021-9"
              }
            },
            {
              "defaultConfiguration": {
                "level": "warning"
              },
              "id": "GHSA-2m34-jcjv-45xf",
              "shortDescription": {
                "text": "Vulnerability GHSA-2m34-jcjv-45xf"
              }
            },
            {
              "defaultConfiguration": {
                "level": "warning"
              },
              "id": "PYSEC-2022-190",
              "shortDescription": {
                "text": "Vulnerability PYSEC-2022-190"
              }
            },
            {
              "defaultConfiguration": {
                "level": "warning"
              },
              "id": "GHSA-34jh-p97f-mpxf",
              "shortDescription": {
                "text": "Vulnerability GHSA-34jh-p97f-mpxf"
              }
            },
            {
              "defaultConfiguration": {
                "level": "warning"
              },
              "id": "GHSA-9hjg-9r4m-mvj7",
              "shortDescription": {
                "text": "Vulnerability GHSA-9hjg-9r4m-mvj7"
              }
            },
            {
              "defaultConfiguration": {
                "level": "warning"
              },
              "id": "GHSA-6w2r-r2m5-xq5w",
              "shortDescription": {
                "text": "Vulnerability GHSA-6w2r-r2m5-xq5w"
              }
            },
            {
              "defaultConfiguration": {
                "level": "warning"
              },
              "id": "GHSA-g4mx-q9vg-27p4",
              "shortDescription": {
                "text": "Vulnerability GHSA-g4mx-q9vg-27p4"
              }
            },
            {
              "defaultConfiguration": {
                "level": "warning"
              },
              "id": "PYSEC-2019-13",
              "shortDescription": {
                "text": "Vulnerability PYSEC-2019-13"
              }
            },
            {
              "defaultConfiguration": {
                "level": "warning"
              },
              "id": "GHSA-7rp2-fm2h-wchj",
              "shortDescription": {
                "text": "Vulnerability GHSA-7rp2-fm2h-wchj"
              }
            },
            {
              "defaultConfiguration": {
                "level": "warning"
              },
              "id": "GHSA-hvmf-r92r-27hr",
              "shortDescription": {
                "text": "Vulnerability GHSA-hvmf-r92r-27hr"
              }
            },
            {
              "defaultConfiguration": {
                "level": "warning"
              },
              "id": "PYSEC-2023-212",
              "shortDescription": {
                "text": "Vulnerability PYSEC-2023-212"
              }
            },
            {
              "defaultConfiguration": {
                "level": "warning"
              },
              "id": "GHSA-m2qf-hxjv-5gpq",
              "shortDescription": {
                "text": "Vulnerability GHSA-m2qf-hxjv-5gpq"
              }
            },
            {
              "defaultConfiguration": {
                "level": "warning"
              },
              "id": "GHSA-p99v-5w3c-jqq9",
              "shortDescription": {
                "text": "Vulnerability GHSA-p99v-5w3c-jqq9"
              }
            },
            {
              "defaultConfiguration": {
                "level": "warning"
              },
              "id": "GHSA-xgxc-v2qg-chmh",
              "shortDescription": {
                "text": "Vulnerability GHSA-xgxc-v2qg-chmh"
              }
            },
            {
              "defaultConfiguration": {
                "level": "warning"
              },
              "id": "PYSEC-2019-10",
              "shortDescription": {
                "text": "Vulnerability PYSEC-2019-10"
              }
            },
            {
              "defaultConfiguration": {
                "level": "warning"
              },
              "id": "PYSEC-2019-11",
              "shortDescription": {
                "text": "Vulnerability PYSEC-2019-11"
              }
            },
            {
              "defaultConfiguration": {
                "level": "warning"
              },
              "id": "PYSEC-2021-98",
              "shortDescription": {
                "text": "Vulnerability PYSEC-2021-98"
              }
            },
            {
              "defaultConfiguration": {
                "level": "warning"
              },
              "id": "PYSEC-2023-62",
              "shortDescription": {
                "text": "Vulnerability PYSEC-2023-62"
              }
            },
            {
              "defaultConfiguration": {
                "level": "warning"
              },
              "id": "GHSA-5phf-pp7p-vc2r",
              "shortDescription": {
                "text": "Vulnerability GHSA-5phf-pp7p-vc2r"
              }
            },
            {
              "defaultConfiguration": {
                "level": "warning"
              },
              "id": "GHSA-rrqc-c2jx-6jgv",
              "shortDescription": {
                "text": "Vulnerability GHSA-rrqc-c2jx-6jgv"
              }
            },
            {
              "defaultConfiguration": {
                "level": "warning"
              },
              "id": "PYSEC-2021-108",
              "shortDescription": {
                "text": "Vulnerability PYSEC-2021-108"
              }
            },
            {
              "defaultConfiguration": {
                "level": "warning"
              },
              "id": "GHSA-6c7v-2f49-8h26",
              "shortDescription": {
                "text": "Vulnerability GHSA-6c7v-2f49-8h26"
              }
            },
            {
              "defaultConfiguration": {
                "level": "warning"
              },
              "id": "PYSEC-2019-12",
              "shortDescription": {
                "text": "Vulnerability PYSEC-2019-12"
              }
            },
            {
              "defaultConfiguration": {
                "level": "warning"
              },
              "id": "PYSEC-2020-35",
              "shortDescription": {
                "text": "Vulnerability PYSEC-2020-35"
              }
            },
            {
              "defaultConfiguration": {
                "level": "warning"
              },
              "id": "PYSEC-2022-2",
              "shortDescription": {
                "text": "Vulnerability PYSEC-2022-2"
              }
            },
            {
              "defaultConfiguration": {
                "level": "warning"
              },
              "id": "GHSA-v6rh-hp5x-86rv",
              "shortDescription": {
                "text": "Vulnerability GHSA-v6rh-hp5x-86rv"
              }
            },
            {
              "defaultConfiguration": {
                "level": "warning"
              },
              "id": "GHSA-qw25-v68c-qjf3",
              "shortDescription": {
                "text": "Vulnerability GHSA-qw25-v68c-qjf3"
              }
            },
            {
              "defaultConfiguration": {
                "level": "warning"
              },
              "id": "GHSA-7xr5-9hcq-chf9",
              "shortDescription": {
                "text": "Vulnerability GHSA-7xr5-9hcq-chf9"
              }
            },
            {
              "defaultConfiguration": {
                "level": "warning"
              },
              "id": "GHSA-rxjp-mfm9-w4wr",
              "shortDescription": {
                "text": "Vulnerability GHSA-rxjp-mfm9-w4wr"
              }
            },
            {
              "defaultConfiguration": {
                "level": "warning"
              },
              "id": "GHSA-pq67-6m6q-mj2v",
              "shortDescription": {
                "text": "Vulnerability GHSA-pq67-6m6q-mj2v"
              }
            },
            {
              "defaultConfiguration": {
                "level": "warning"
              },
              "id": "GHSA-6r97-cj55-9hrq",
              "shortDescription": {
                "text": "Vulnerability GHSA-6r97-cj55-9hrq"
              }
            },
            {
              "defaultConfiguration": {
                "level": "warning"
              },
              "id": "GHSA-8c5j-9r9f-c6w8",
              "shortDescription": {
                "text": "Vulnerability GHSA-8c5j-9r9f-c6w8"
              }
            },
            {
              "defaultConfiguration": {
                "level": "warning"
              },
              "id": "PYSEC-2019-15",
              "shortDescription": {
                "text": "Vulnerability PYSEC-2019-15"
              }
            },
            {
              "defaultConfiguration": {
                "level": "warning"
              },
              "id": "PYSEC-2022-20",
              "shortDescription": {
                "text": "Vulnerability PYSEC-2022-20"
              }
            },
            {
              "defaultConfiguration": {
                "level": "warning"
              },
              "id": "PYSEC-2020-36",
              "shortDescription": {
                "text": "Vulnerability PYSEC-2020-36"
              }
            },
            {
              "defaultConfiguration": {
                "level": "warning"
              },
              "id": "PYSEC-2020-34",
              "shortDescription": {
                "text": "Vulnerability PYSEC-2020-34"
              }
            },
            {
              "defaultConfiguration": {
                "level": "warning"
              },
              "id": "PYSEC-2021-8",
              "shortDescription": {
                "text": "Vulnerability PYSEC-2021-8"
              }
            },
            {
              "defaultConfiguration": {
                "level": "warning"
              },
              "id": "GHSA-hmr4-m2h5-33qx",
              "shortDescription": {
                "text": "Vulnerability GHSA-hmr4-m2h5-33qx"
              }
            },
            {
              "defaultConfiguration": {
                "level": "warning"
              },
              "id": "GHSA-m6gj-h9gm-gw44",
              "shortDescription": {
                "text": "Vulnerability GHSA-m6gj-h9gm-gw44"
              }
            },
            {
              "defaultConfiguration": {
                "level": "warning"
              },
              "id": "GHSA-8x94-hmjh-97hq",
              "shortDescription": {
                "text": "Vulnerability GHSA-8x94-hmjh-97hq"
              }
            },
            {
              "defaultConfiguration": {
                "level": "warning"
              },
              "id": "PYSEC-2021-6",
              "shortDescription": {
                "text": "Vulnerability PYSEC-2021-6"
              }
            },
            {
              "defaultConfiguration": {
                "level": "warning"
              },
              "id": "GHSA-q2q7-5pp4-w6pg",
              "shortDescription": {
                "text": "Vulnerability GHSA-q2q7-5pp4-w6pg"
              }
            },
            {
              "defaultConfiguration": {
                "level": "warning"
              },
              "id": "PYSEC-2020-31",
              "shortDescription": {
                "text": "Vulnerability PYSEC-2020-31"
              }
            },
            {
              "defaultConfiguration": {
                "level": "warning"
              },
              "id": "GHSA-fvgf-6h6h-3322",
              "shortDescription": {
                "text": "Vulnerability GHSA-fvgf-6h6h-3322"
              }
            },
            {
              "defaultConfiguration": {
                "level": "warning"
              },
              "id": "PYSEC-2020-32",
              "shortDescription": {
                "text": "Vulnerability PYSEC-2020-32"
              }
            },
            {
              "defaultConfiguration": {
                "level": "warning"
              },
              "id": "PYSEC-2020-33",
              "shortDescription": {
                "text": "Vulnerability PYSEC-2020-33"
              }
            },
            {
              "defaultConfiguration": {
                "level": "warning"
              },
              "id": "PYSEC-2022-1",
              "shortDescription": {
                "text": "Vulnerability PYSEC-2022-1"
              }
            }
          ],
          "version": "6.5.0"
        }
      }
    }
  ],
  "version": "2.1.0"
}
